timestamp=2026-06-16T16:07:00.629409
error_type=ProgrammingError
error_message=(207, b"Invalid column name 'pack'.DB-Lib error message 20018, severity 16:\nGeneral SQL Server error: Check messages from the SQL Server\n")

--- traceback ---
Traceback (most recent call last):
  File "src/pymssql/_pymssql.pyx", line 447, in pymssql._pymssql.Cursor.execute
  File "src/pymssql/_mssql.pyx", line 1145, in pymssql._mssql.MSSQLConnection.execute_query
  File "src/pymssql/_mssql.pyx", line 1176, in pymssql._mssql.MSSQLConnection.execute_query
  File "src/pymssql/_mssql.pyx", line 1309, in pymssql._mssql.MSSQLConnection.format_and_run_query
  File "src/pymssql/_mssql.pyx", line 1886, in pymssql._mssql.check_cancel_and_raise
  File "src/pymssql/_mssql.pyx", line 1932, in pymssql._mssql.raise_MSSQLDatabaseException
pymssql._mssql.MSSQLDatabaseException: (207, b"Invalid column name 'pack'.DB-Lib error message 20018, severity 16:\nGeneral SQL Server error: Check messages from the SQL Server\n")

During handling of the above exception, another exception occurred:

Traceback (most recent call last):
  File "C:\Users\JZN\OneDrive - Stolt-Nielsen Limited\GITHUB\CALCULO_BIOMASA\generar_reporte_biomasa.py", line 2068, in <module>
    main()
    ~~~~^^
  File "C:\Users\JZN\OneDrive - Stolt-Nielsen Limited\GITHUB\CALCULO_BIOMASA\generar_reporte_biomasa.py", line 2027, in main
    report_data = build_report_data(conn, start, end, args.data_source)
  File "C:\Users\JZN\OneDrive - Stolt-Nielsen Limited\GITHUB\CALCULO_BIOMASA\generar_reporte_biomasa.py", line 856, in build_report_data
    consumos = fetch_rows(cursor, q_consumo, params)
  File "C:\Users\JZN\OneDrive - Stolt-Nielsen Limited\GITHUB\CALCULO_BIOMASA\generar_reporte_biomasa.py", line 335, in fetch_rows
    cursor.execute(query, params)
    ~~~~~~~~~~~~~~^^^^^^^^^^^^^^^
  File "src/pymssql/_pymssql.pyx", line 462, in pymssql._pymssql.Cursor.execute
pymssql.exceptions.ProgrammingError: (207, b"Invalid column name 'pack'.DB-Lib error message 20018, severity 16:\nGeneral SQL Server error: Check messages from the SQL Server\n")
